slurmstepd: info: Setting TMPDIR to /scratch/378849. Previous errors about TMPDIR can be discarded

=== Probabilidades EXACTAS ===
Base X:
  0000 : 0.011511
  0001 : 0.038549
  0010 : 0.053029
  0011 : 0.003785
  0100 : 0.248062
  0101 : 0.000017
  0110 : 0.167909
  0111 : 0.007580
  1000 : 0.156287
  1001 : 0.004661
  1010 : 0.216432
  1011 : 0.000661
  1100 : 0.044048
  1101 : 0.002522
  1110 : 0.006191
  1111 : 0.038756

Base Y:
  0000 : 0.001819
  0001 : 0.069455
  0010 : 0.010281
  0011 : 0.000428
  0100 : 0.119553
  0101 : 0.088367
  0110 : 0.159093
  0111 : 0.050671
  1000 : 0.039639
  1001 : 0.005020
  1010 : 0.025149
  1011 : 0.101335
  1100 : 0.136057
  1101 : 0.018830
  1110 : 0.090235
  1111 : 0.084068

Base Z:
  0000 : 0.125112
  0001 : 0.135514
  0010 : 0.013412
  0011 : 0.012751
  0100 : 0.230417
  0101 : 0.249575
  0110 : 0.024701
  0111 : 0.023483
  1000 : 0.052059
  1001 : 0.056387
  1010 : 0.005581
  1011 : 0.005306
  1100 : 0.028662
  1101 : 0.031046
  1110 : 0.003073
  1111 : 0.002921


=== Probabilidades con SHOTS (n_shots=100) ===
Base X:
  0000 : 0.020000
  0001 : 0.020000
  0010 : 0.010000
  0011 : 0.000000
  0100 : 0.270000
  0101 : 0.000000
  0110 : 0.170000
  0111 : 0.020000
  1000 : 0.190000
  1001 : 0.010000
  1010 : 0.180000
  1011 : 0.000000
  1100 : 0.070000
  1101 : 0.000000
  1110 : 0.000000
  1111 : 0.040000

Base Y:
  0000 : 0.000000
  0001 : 0.040000
  0010 : 0.010000
  0011 : 0.000000
  0100 : 0.120000
  0101 : 0.080000
  0110 : 0.130000
  0111 : 0.070000
  1000 : 0.080000
  1001 : 0.000000
  1010 : 0.050000
  1011 : 0.120000
  1100 : 0.100000
  1101 : 0.030000
  1110 : 0.080000
  1111 : 0.090000

Base Z:
  0000 : 0.090000
  0001 : 0.140000
  0010 : 0.000000
  0011 : 0.010000
  0100 : 0.240000
  0101 : 0.290000
  0110 : 0.030000
  0111 : 0.010000
  1000 : 0.040000
  1001 : 0.080000
  1010 : 0.000000
  1011 : 0.020000
  1100 : 0.020000
  1101 : 0.030000
  1110 : 0.000000
  1111 : 0.000000


=== Valores esperados EXACTOS ===
Base X:
  Nodo 0: 0.021379
  Nodo 1: -0.027731
  Nodo 2: 0.054223

Base Y:
  Nodo 3: 0.067142
  Nodo 4: -0.362352
  Nodo 5: 0.000000

Base Z:
  Nodo 6: -0.038580
  Nodo 7: 0.006377
  Nodo 8: -0.021397
  Nodo 9: -0.153500


=== Valores esperados con SHOTS (n_shots=100) ===
Base X:
  Nodo 0: 0.220000
  Nodo 1: -0.080000
  Nodo 2: 0.040000

Base Y:
  Nodo 3: 0.160000
  Nodo 4: -0.180000
  Nodo 5: -0.000000

Base Z:
  Nodo 6: -0.140000
  Nodo 7: -0.080000
  Nodo 8: -0.020000
  Nodo 9: -0.220000


*****************************************************************************
*                                                                           *
*                    JOB EFFICIENCY REPORT (seff 378849)                   *
*                                                                           *
*****************************************************************************

Job ID: 378849
Cluster: qmio
User/Group: falonso/cesga
State: COMPLETED (exit code 0)
Cores: 1
CPU Utilized: 00:00:03
CPU Efficiency: 60.00% of 00:00:05 core-walltime
Job Wall-clock time: 00:00:05
Memory Utilized: 0.00 MB (estimated maximum)
Memory Efficiency: 0.00% of 3.00 GB (3.00 GB/node)

 +++++++++++++++++++++++++++++++++++++++++++++++++++++++++++++++++++++++++++
 ++   Memory Efficiency is too small. Please review the requested memory. ++
 ++ It seems that you do not need that much memory so we recommend        ++
 ++ requesting less memory in other similar jobs.                         ++
 +++++++++++++++++++++++++++++++++++++++++++++++++++++++++++++++++++++++++++
 
*****************************************************************************

