slurmstepd: info: Setting TMPDIR to /scratch/378852. Previous errors about TMPDIR can be discarded
X: <cunqa.qjob.QJob object at 0x14f7cdd3cc10>
Y: <cunqa.qjob.QJob object at 0x14f7c72d66d0>
Z: <cunqa.qjob.QJob object at 0x14f7c76ae610>

Counts 0 (base X):
      qpu_0  total_counts
0000      2             2
0001      4             4
0010      7             7
0011      0             0
0100     23            23

Counts 1 (base Y):
      qpu_1  total_counts
0000      0             0
0001      6             6
0010      0             0
0011      0             0
0100     15            15

Counts 2 (base Z):
      qpu_2  total_counts
0000     13            13
0001     13            13
0010      3             3
0011      1             1
0100     23            23

=== Probabilidades EXACTAS ===
Base X:
  0000 : 0.011511
  0001 : 0.038549
  0010 : 0.053029
  0011 : 0.003785
  0100 : 0.248062
  0101 : 0.000017
  0110 : 0.167909
  0111 : 0.007580
  1000 : 0.156287
  1001 : 0.004661
  1010 : 0.216432
  1011 : 0.000661
  1100 : 0.044048
  1101 : 0.002522
  1110 : 0.006191
  1111 : 0.038756

Base Y:
  0000 : 0.001819
  0001 : 0.069455
  0010 : 0.010281
  0011 : 0.000428
  0100 : 0.119553
  0101 : 0.088367
  0110 : 0.159093
  0111 : 0.050671
  1000 : 0.039639
  1001 : 0.005020
  1010 : 0.025149
  1011 : 0.101335
  1100 : 0.136057
  1101 : 0.018830
  1110 : 0.090235
  1111 : 0.084068

Base Z:
  0000 : 0.125112
  0001 : 0.135514
  0010 : 0.013412
  0011 : 0.012751
  0100 : 0.230417
  0101 : 0.249575
  0110 : 0.024701
  0111 : 0.023483
  1000 : 0.052059
  1001 : 0.056387
  1010 : 0.005581
  1011 : 0.005306
  1100 : 0.028662
  1101 : 0.031046
  1110 : 0.003073
  1111 : 0.002921


=== Probabilidades con SHOTS ===
Base X:
  0000 : 0.020000
  0001 : 0.040000
  0010 : 0.070000
  0100 : 0.230000
  0110 : 0.200000
  1000 : 0.160000
  1010 : 0.190000
  1100 : 0.050000
  1110 : 0.010000
  1111 : 0.030000

Base Y:
  0001 : 0.060000
  0100 : 0.150000
  0101 : 0.070000
  0110 : 0.170000
  0111 : 0.080000
  1000 : 0.040000
  1001 : 0.010000
  1010 : 0.040000
  1011 : 0.060000
  1100 : 0.130000
  1101 : 0.030000
  1110 : 0.090000
  1111 : 0.070000

Base Z:
  0000 : 0.130000
  0001 : 0.130000
  0010 : 0.030000
  0011 : 0.010000
  0100 : 0.230000
  0101 : 0.250000
  0110 : 0.020000
  0111 : 0.010000
  1000 : 0.020000
  1001 : 0.070000
  1011 : 0.010000
  1100 : 0.020000
  1101 : 0.060000
  1110 : 0.010000

(n_shots=100)

=== Valores esperados EXACTOS ===
  Nodo 0: 0.021379
  Nodo 1: -0.027731
  Nodo 2: 0.054223
  Nodo 3: 0.067142
  Nodo 4: -0.362352
  Nodo 5: 0.000000
  Nodo 6: -0.038580
  Nodo 7: 0.006377
  Nodo 8: -0.021397
  Nodo 9: -0.153500

=== Valores esperados SHOTS (n_shots=100) ===
  Nodo 0: -0.020000
  Nodo 1: -0.060000
  Nodo 2: 0.100000
  Nodo 3: 0.060000
  Nodo 4: -0.340000
  Nodo 5: -0.020000
  Nodo 6: -0.140000
  Nodo 7: -0.000000
  Nodo 8: 0.100000
  Nodo 9: -0.220000


*****************************************************************************
*                                                                           *
*                    JOB EFFICIENCY REPORT (seff 378852)                   *
*                                                                           *
*****************************************************************************

Job ID: 378852
Cluster: qmio
User/Group: falonso/cesga
State: COMPLETED (exit code 0)
Cores: 1
CPU Utilized: 00:00:07
CPU Efficiency: 87.50% of 00:00:08 core-walltime
Job Wall-clock time: 00:00:08
Memory Utilized: 0.00 MB (estimated maximum)
Memory Efficiency: 0.00% of 3.00 GB (3.00 GB/node)

 +++++++++++++++++++++++++++++++++++++++++++++++++++++++++++++++++++++++++++
 ++   Memory Efficiency is too small. Please review the requested memory. ++
 ++ It seems that you do not need that much memory so we recommend        ++
 ++ requesting less memory in other similar jobs.                         ++
 +++++++++++++++++++++++++++++++++++++++++++++++++++++++++++++++++++++++++++
 
*****************************************************************************

