slurmstepd: info: Setting TMPDIR to /scratch/378850. Previous errors about TMPDIR can be discarded

=== Probabilidades EXACTAS ===
Base X:
  0000 : 0.011511
  0001 : 0.038549
  0010 : 0.053029
  0011 : 0.003785
  0100 : 0.248062
  0101 : 0.000017
  0110 : 0.167909
  0111 : 0.007580
  1000 : 0.156287
  1001 : 0.004661
  1010 : 0.216432
  1011 : 0.000661
  1100 : 0.044048
  1101 : 0.002522
  1110 : 0.006191
  1111 : 0.038756

Base Y:
  0000 : 0.001819
  0001 : 0.069455
  0010 : 0.010281
  0011 : 0.000428
  0100 : 0.119553
  0101 : 0.088367
  0110 : 0.159093
  0111 : 0.050671
  1000 : 0.039639
  1001 : 0.005020
  1010 : 0.025149
  1011 : 0.101335
  1100 : 0.136057
  1101 : 0.018830
  1110 : 0.090235
  1111 : 0.084068

Base Z:
  0000 : 0.125112
  0001 : 0.135514
  0010 : 0.013412
  0011 : 0.012751
  0100 : 0.230417
  0101 : 0.249575
  0110 : 0.024701
  0111 : 0.023483
  1000 : 0.052059
  1001 : 0.056387
  1010 : 0.005581
  1011 : 0.005306
  1100 : 0.028662
  1101 : 0.031046
  1110 : 0.003073
  1111 : 0.002921


=== Probabilidades con SHOTS (n_shots=10000000) ===
Base X:
  0000 : 0.011518
  0001 : 0.038542
  0010 : 0.052885
  0011 : 0.003807
  0100 : 0.247946
  0101 : 0.000018
  0110 : 0.167765
  0111 : 0.007592
  1000 : 0.156547
  1001 : 0.004656
  1010 : 0.216444
  1011 : 0.000677
  1100 : 0.044094
  1101 : 0.002512
  1110 : 0.006163
  1111 : 0.038834

Base Y:
  0000 : 0.001823
  0001 : 0.069365
  0010 : 0.010269
  0011 : 0.000427
  0100 : 0.119474
  0101 : 0.088325
  0110 : 0.158901
  0111 : 0.050702
  1000 : 0.039724
  1001 : 0.005024
  1010 : 0.025122
  1011 : 0.101563
  1100 : 0.136141
  1101 : 0.018779
  1110 : 0.090230
  1111 : 0.084132

Base Z:
  0000 : 0.124913
  0001 : 0.135476
  0010 : 0.013411
  0011 : 0.012786
  0100 : 0.230221
  0101 : 0.249923
  0110 : 0.024705
  0111 : 0.023518
  1000 : 0.052091
  1001 : 0.056268
  1010 : 0.005609
  1011 : 0.005348
  1100 : 0.028630
  1101 : 0.031074
  1110 : 0.003098
  1111 : 0.002928


=== Valores esperados EXACTOS ===
Base X:
  Nodo 0: 0.021379
  Nodo 1: -0.027731
  Nodo 2: 0.054223

Base Y:
  Nodo 3: 0.067142
  Nodo 4: -0.362352
  Nodo 5: 0.000000

Base Z:
  Nodo 6: -0.038580
  Nodo 7: 0.006377
  Nodo 8: -0.021397
  Nodo 9: -0.153500


=== Valores esperados con SHOTS (n_shots=10000000) ===
Base X:
  Nodo 0: 0.022031
  Nodo 1: -0.027300
  Nodo 2: 0.053588

Base Y:
  Nodo 3: 0.067972
  Nodo 4: -0.362248
  Nodo 5: -0.000070

Base Z:
  Nodo 6: -0.039129
  Nodo 7: 0.006934
  Nodo 8: -0.022262
  Nodo 9: -0.154007


*****************************************************************************
*                                                                           *
*                    JOB EFFICIENCY REPORT (seff 378850)                   *
*                                                                           *
*****************************************************************************

Job ID: 378850
Cluster: qmio
User/Group: falonso/cesga
State: COMPLETED (exit code 0)
Cores: 1
CPU Utilized: 00:00:33
CPU Efficiency: 97.06% of 00:00:34 core-walltime
Job Wall-clock time: 00:00:34
Memory Utilized: 1.06 GB
Memory Efficiency: 35.23% of 3.00 GB

 +++++++++++++++++++++++++++++++++++++++++++++++++++++++++++++++++++++++++++
 ++   Memory Efficiency is too small. Please review the requested memory. ++
 ++ It seems that you do not need that much memory so we recommend        ++
 ++ requesting less memory in other similar jobs.                         ++
 +++++++++++++++++++++++++++++++++++++++++++++++++++++++++++++++++++++++++++
 
*****************************************************************************

