slurmstepd: info: Setting TMPDIR to /scratch/378854. Previous errors about TMPDIR can be discarded
X: <cunqa.qjob.QJob object at 0x14fd6fc04bd0>
Y: <cunqa.qjob.QJob object at 0x14fd67002190>
Z: <cunqa.qjob.QJob object at 0x14fd6c78ce10>

Counts 0 (base X):
        qpu_0  total_counts
0000   115669        115669
0001   384683        384683
0010   529871        529871
0011    37871         37871
0100  2483335       2483335

Counts 1 (base Y):
        qpu_1  total_counts
0000    18314         18314
0001   693599        693599
0010   102948        102948
0011     4233          4233
0100  1195263       1195263

Counts 2 (base Z):
        qpu_2  total_counts
0000  1250790       1250790
0001  1355938       1355938
0010   133759        133759
0011   127120        127120
0100  2304997       2304997

=== Probabilidades EXACTAS ===
Base X:
  0000 : 0.011511
  0001 : 0.038549
  0010 : 0.053029
  0011 : 0.003785
  0100 : 0.248062
  0101 : 0.000017
  0110 : 0.167909
  0111 : 0.007580
  1000 : 0.156287
  1001 : 0.004661
  1010 : 0.216432
  1011 : 0.000661
  1100 : 0.044048
  1101 : 0.002522
  1110 : 0.006191
  1111 : 0.038756

Base Y:
  0000 : 0.001819
  0001 : 0.069455
  0010 : 0.010281
  0011 : 0.000428
  0100 : 0.119553
  0101 : 0.088367
  0110 : 0.159093
  0111 : 0.050671
  1000 : 0.039639
  1001 : 0.005020
  1010 : 0.025149
  1011 : 0.101335
  1100 : 0.136057
  1101 : 0.018830
  1110 : 0.090235
  1111 : 0.084068

Base Z:
  0000 : 0.125112
  0001 : 0.135514
  0010 : 0.013412
  0011 : 0.012751
  0100 : 0.230417
  0101 : 0.249575
  0110 : 0.024701
  0111 : 0.023483
  1000 : 0.052059
  1001 : 0.056387
  1010 : 0.005581
  1011 : 0.005306
  1100 : 0.028662
  1101 : 0.031046
  1110 : 0.003073
  1111 : 0.002921


=== Probabilidades con SHOTS ===
Base X:
  0000 : 0.011567
  0001 : 0.038468
  0010 : 0.052987
  0011 : 0.003787
  0100 : 0.248334
  0101 : 0.000017
  0110 : 0.167863
  0111 : 0.007565
  1000 : 0.156192
  1001 : 0.004635
  1010 : 0.216433
  1011 : 0.000660
  1100 : 0.044081
  1101 : 0.002535
  1110 : 0.006161
  1111 : 0.038714

Base Y:
  0000 : 0.001831
  0001 : 0.069360
  0010 : 0.010295
  0011 : 0.000423
  0100 : 0.119526
  0101 : 0.088441
  0110 : 0.159187
  0111 : 0.050729
  1000 : 0.039629
  1001 : 0.005056
  1010 : 0.025176
  1011 : 0.101215
  1100 : 0.136182
  1101 : 0.018838
  1110 : 0.090158
  1111 : 0.083954

Base Z:
  0000 : 0.125079
  0001 : 0.135594
  0010 : 0.013376
  0011 : 0.012712
  0100 : 0.230500
  0101 : 0.249561
  0110 : 0.024694
  0111 : 0.023420
  1000 : 0.052046
  1001 : 0.056392
  1010 : 0.005618
  1011 : 0.005267
  1100 : 0.028684
  1101 : 0.031057
  1110 : 0.003077
  1111 : 0.002924

(n_shots=10000000)

=== Valores esperados EXACTOS ===
  Nodo 0: 0.021379
  Nodo 1: -0.027731
  Nodo 2: 0.054223
  Nodo 3: 0.067142
  Nodo 4: -0.362352
  Nodo 5: 0.000000
  Nodo 6: -0.038580
  Nodo 7: 0.006377
  Nodo 8: -0.021397
  Nodo 9: -0.153500

=== Valores esperados SHOTS (n_shots=10000000) ===
  Nodo 0: 0.021800
  Nodo 1: -0.027981
  Nodo 2: 0.054591
  Nodo 3: 0.066979
  Nodo 4: -0.362214
  Nodo 5: -0.000196
  Nodo 6: -0.038736
  Nodo 7: 0.006162
  Nodo 8: -0.021426
  Nodo 9: -0.153550


*****************************************************************************
*                                                                           *
*                    JOB EFFICIENCY REPORT (seff 378854)                   *
*                                                                           *
*****************************************************************************

Job ID: 378854
Cluster: qmio
User/Group: falonso/cesga
State: COMPLETED (exit code 0)
Cores: 1
CPU Utilized: 00:00:06
CPU Efficiency: 50.00% of 00:00:12 core-walltime
Job Wall-clock time: 00:00:12
Memory Utilized: 0.00 MB (estimated maximum)
Memory Efficiency: 0.00% of 3.00 GB (3.00 GB/node)

 +++++++++++++++++++++++++++++++++++++++++++++++++++++++++++++++++++++++++++
 ++   Memory Efficiency is too small. Please review the requested memory. ++
 ++ It seems that you do not need that much memory so we recommend        ++
 ++ requesting less memory in other similar jobs.                         ++
 +++++++++++++++++++++++++++++++++++++++++++++++++++++++++++++++++++++++++++
 
*****************************************************************************

